Watching for file changes with StatReloader
Performing system checks...

System check identified some issues:

WARNINGS:
todos.Todo: (models.W042) Auto-created primary key used when not defining a primary key type, by default 'django.db.models.AutoField'.
	HINT: Configure the DEFAULT_AUTO_FIELD setting or the TodosConfig.default_auto_field attribute to point to a subclass of AutoField, e.g. 'django.db.models.BigAutoField'.

System check identified 1 issue (0 silenced).
<<<<<<< HEAD
February 11, 2025 - 15:24:26
=======
February 13, 2025 - 20:11:05
>>>>>>> 29323a9 (added Dockerfile)
Django version 4.2.11, using settings 'todoApp.settings'
Starting development server at http://0.0.0.0:8000/
Quit the server with CONTROL-C.

<<<<<<< HEAD
[11/Feb/2025 15:24:34] "GET / HTTP/1.1" 302 0
[11/Feb/2025 15:24:35] "GET /todos HTTP/1.1" 301 0
[11/Feb/2025 15:24:35] "GET /todos/ HTTP/1.1" 200 3515
=======
[13/Feb/2025 20:11:41] "GET /todos/ HTTP/1.1" 200 3515
[13/Feb/2025 20:11:41] "GET /static/css/style.css HTTP/1.1" 304 0
>>>>>>> 29323a9 (added Dockerfile)
